Hello from PowerScript!\nThis is appended text.